Component: ARM Compiler 5.06 update 1 (build 61) Tool: armlink [4d35a8]

==============================================================================

Section Cross References

    main.o(.text) refers to pcf8563.o(.text) for PCF8563_Get_Time
    main.o(.text) refers to delay.o(.text) for delay_ms
    main.o(.text) refers to os_time.o(.text) for OSTimeDlyHMSM
    main.o(.text) refers to usart.o(.text) for UART1_Send
    main.o(.text) refers to os_core.o(.text) for OSSchedLock
    main.o(.text) refers to 24cxx.o(.text) for AT24CXX_WriteOneByte
    main.o(.text) refers to main.o(.data) for CurYear
    main.o(.text) refers to main.o(.bss) for AskTermCmdLen
    main.o(.text) refers to usart.o(.data) for USART1_RX_STA
    main.o(.text) refers to usart.o(.bss) for USART1_RX_BUF
    main.o(.text) refers to cc2500.o(.text) for CC_Chan
    main.o(.text) refers to cc2500.o(.data) for PAMAX
    main.o(.text) refers to os_cpu_a.o(.text) for OS_CPU_SR_Save
    main.o(.text) refers to cc2500.o(.bss) for SerData
    main.o(.text) refers to led.o(.text) for Buzzer
    main.o(.text) refers to os_tmr.o(.text) for OSTmrCreate
    main.o(.text) refers to timer.o(.text) for IWDG_Init
    main.o(.text) refers to os_sem.o(.text) for OSSemCreate
    main.o(.text) refers to os_task.o(.text) for OSTaskCreate
    main.o(.text) refers to sys.o(.text) for NVIC_Configuration
    main.o(.text) refers to myiic.o(.text) for IIC_Init
    main.o(.text) refers to stm32f10x_exti.o(.text) for EXTI_GetITStatus
    system_stm32f10x.o(.text) refers to system_stm32f10x.o(.data) for SystemCoreClock
    led.o(.text) refers to stm32f10x_rcc.o(.text) for RCC_APB2PeriphClockCmd
    led.o(.text) refers to stm32f10x_gpio.o(.text) for GPIO_Init
    led.o(.text) refers to delay.o(.text) for delay_us
    myiic.o(.text) refers to stm32f10x_rcc.o(.text) for RCC_APB2PeriphClockCmd
    myiic.o(.text) refers to stm32f10x_gpio.o(.text) for GPIO_Init
    myiic.o(.text) refers to delay.o(.text) for delay_us
    24cxx.o(.text) refers to myiic.o(.text) for IIC_Start
    24cxx.o(.text) refers to delay.o(.text) for delay_us
    timer.o(.text) refers to stm32f10x_rcc.o(.text) for RCC_APB1PeriphClockCmd
    timer.o(.text) refers to stm32f10x_tim.o(.text) for TIM_TimeBaseInit
    timer.o(.text) refers to misc.o(.text) for NVIC_Init
    timer.o(.text) refers to stm32f10x_iwdg.o(.text) for IWDG_WriteAccessCmd
    pcf8563.o(.text) refers to myiic.o(.text) for IIC_Start
    pcf8563.o(.text) refers to delay.o(.text) for delay_us
    pcf8563.o(.text) refers to pcf8563.o(.data) for SYS_time
    cc2500.o(.text) refers to stm32f10x_rcc.o(.text) for RCC_APB2PeriphClockCmd
    cc2500.o(.text) refers to stm32f10x_gpio.o(.text) for GPIO_Init
    cc2500.o(.text) refers to stm32f10x_spi.o(.text) for SPI_Init
    cc2500.o(.text) refers to stm32f10x_exti.o(.text) for EXTI_ClearITPendingBit
    cc2500.o(.text) refers to misc.o(.text) for NVIC_Init
    cc2500.o(.text) refers to delay.o(.text) for delay_us
    cc2500.o(.text) refers to cc2500.o(.data) for SerLen
    cc2500.o(.text) refers to cc2500.o(.bss) for SerData
    delay.o(.text) refers to os_core.o(.text) for OSIntEnter
    delay.o(.text) refers to misc.o(.text) for SysTick_CLKSourceConfig
    delay.o(.text) refers to os_time.o(.text) for OSTimeDly
    delay.o(.text) refers to system_stm32f10x.o(.data) for SystemCoreClock
    delay.o(.text) refers to delay.o(.data) for fac_us
    delay.o(.text) refers to os_core.o(.data) for OSRunning
    sys.o(.text) refers to misc.o(.text) for NVIC_PriorityGroupConfig
    sys.o(.text) refers to sys.o(.bss) for g_stm32_uniqueId
    usart.o(.text) refers (Special) to use_no_semi_2.o(.text) for __use_no_semihosting
    usart.o(.text) refers to stm32f10x_rcc.o(.text) for RCC_AHBPeriphClockCmd
    usart.o(.text) refers to stm32f10x_usart.o(.text) for USART_DeInit
    usart.o(.text) refers to stm32f10x_dma.o(.text) for DMA_DeInit
    usart.o(.text) refers to stm32f10x_gpio.o(.text) for GPIO_Init
    usart.o(.text) refers to misc.o(.text) for NVIC_Init
    usart.o(.text) refers to usart.o(.data) for USART_Fpt
    usart.o(.text) refers to usart.o(.bss) for USART1_RX_BUF
    usart.o(.text) refers to os_core.o(.text) for OSIntEnter
    usart.o(.bss) refers (Special) to use_no_semi_2.o(.text) for __use_no_semihosting
    usart.o(.data) refers (Special) to use_no_semi_2.o(.text) for __use_no_semihosting
    startup_stm32f10x_md.o(STACK) refers (Special) to heapauxi.o(.text) for __use_two_region_memory
    startup_stm32f10x_md.o(HEAP) refers (Special) to heapauxi.o(.text) for __use_two_region_memory
    startup_stm32f10x_md.o(RESET) refers (Special) to heapauxi.o(.text) for __use_two_region_memory
    startup_stm32f10x_md.o(RESET) refers to startup_stm32f10x_md.o(STACK) for __initial_sp
    startup_stm32f10x_md.o(RESET) refers to startup_stm32f10x_md.o(.text) for Reset_Handler
    startup_stm32f10x_md.o(RESET) refers to stm32f10x_it.o(.text) for NMI_Handler
[...]
    .ARM.Collect$$rtexit$$00000003           0x080001bc   Section        4  rtexit2.o(.ARM.Collect$$rtexit$$00000003)
    .ARM.Collect$$rtexit$$00000004           0x080001c0   Section        6  rtexit2.o(.ARM.Collect$$rtexit$$00000004)
    .text                                    0x080001c8   Section        0  main.o(.text)
    .text                                    0x08002b08   Section        0  stm32f10x_it.o(.text)
    .text                                    0x08002b20   Section        0  system_stm32f10x.o(.text)
    SetSysClockTo72                          0x08002b21   Thumb Code   214  system_stm32f10x.o(.text)
    SetSysClock                              0x08002bf7   Thumb Code     8  system_stm32f10x.o(.text)
    .text                                    0x08002d00   Section        0  led.o(.text)
    .text                                    0x08002dac   Section        0  myiic.o(.text)
    .text                                    0x08003030   Section        0  24cxx.o(.text)
    .text                                    0x080031a4   Section        0  timer.o(.text)
    .text                                    0x08003320   Section        0  pcf8563.o(.text)
    .text                                    0x08003584   Section        0  cc2500.o(.text)
    .text                                    0x0800407c   Section        0  delay.o(.text)
    .text                                    0x08004170   Section        0  sys.o(.text)
    .text                                    0x0800419c   Section        0  usart.o(.text)
    .text                                    0x08004760   Section       64  startup_stm32f10x_md.o(.text)
    .text                                    0x080047a0   Section        0  misc.o(.text)
    .text                                    0x0800487c   Section        0  stm32f10x_gpio.o(.text)
    .text                                    0x08004bd8   Section        0  stm32f10x_rcc.o(.text)
    .text                                    0x08004f7c   Section        0  stm32f10x_tim.o(.text)
    TI4_Config                               0x08005423   Thumb Code   130  stm32f10x_tim.o(.text)
    TI3_Config                               0x080054b7   Thumb Code   122  stm32f10x_tim.o(.text)
    TI2_Config                               0x0800554b   Thumb Code   130  stm32f10x_tim.o(.text)
    TI1_Config                               0x080055df   Thumb Code   108  stm32f10x_tim.o(.text)
    .text                                    0x08005d98   Section        0  stm32f10x_usart.o(.text)
    .text                                    0x080061a0   Section        0  stm32f10x_dma.o(.text)
    .text                                    0x080063f4   Section        0  stm32f10x_exti.o(.text)
    .text                                    0x08006510   Section        0  stm32f10x_iwdg.o(.text)
    .text                                    0x08006550   Section        0  stm32f10x_spi.o(.text)
    .text                                    0x08006860   Section        0  os_core.o(.text)
    OS_InitTaskStat                          0x0800690b   Thumb Code    52  os_core.o(.text)
    OS_InitTaskIdle                          0x08006961   Thumb Code    52  os_core.o(.text)
    OS_InitEventList                         0x080069a7   Thumb Code    74  os_core.o(.text)
    OS_InitTCBList                           0x080069f1   Thumb Code   106  os_core.o(.text)
    OS_InitRdyList                           0x08006a5b   Thumb Code    44  os_core.o(.text)
    OS_InitMisc                              0x08006a87   Thumb Code    44  os_core.o(.text)
    OS_SchedNew                              0x08006b03   Thumb Code    26  os_core.o(.text)
    .text                                    0x080070f8   Section        0  os_flag.o(.text)
    OS_FlagTaskRdy                           0x0800726f   Thumb Code    82  os_flag.o(.text)
    OS_FlagBlock                             0x08007429   Thumb Code   152  os_flag.o(.text)
    .text                                    0x08007904   Section        0  os_mem.o(.text)
    .text                                    0x08007ab8   Section        0  os_q.o(.text)
    .text                                    0x080080a0   Section        0  os_sem.o(.text)
    .text                                    0x0800842c   Section        0  os_task.o(.text)
    .text                                    0x08008bf0   Section        0  os_time.o(.text)
    .text                                    0x08008da0   Section        0  os_tmr.o(.text)
    OSTmr_Alloc                              0x08008da1   Thumb Code    50  os_tmr.o(.text)
    OSTmr_Free                               0x08008e33   Thumb Code    58  os_tmr.o(.text)
    OSTmr_Unlink                             0x08008e6d   Thumb Code    62  os_tmr.o(.text)
    OSTmr_Link                               0x08009093   Thumb Code   100  os_tmr.o(.text)
    OSTmr_Task                               0x08009259   Thumb Code   114  os_tmr.o(.text)
    OSTmr_InitTask                           0x080092cb   Thumb Code    50  os_tmr.o(.text)
    .text                                    0x080093d4   Section      180  os_cpu_a.o(.text)
    .text                                    0x08009488   Section        0  os_cpu_c.o(.text)
    .text                                    0x0800955c   Section        2  use_no_semi_2.o(.text)
    .text                                    0x0800955e   Section        0  heapauxi.o(.text)
    .text                                    0x08009564   Section        2  use_no_semi.o(.text)
    .text                                    0x08009566   Section       74  sys_stackheap_outer.o(.text)
    .text                                    0x080095b0   Section        0  exit.o(.text)
    .text                                    0x080095c4   Section        8  libspace.o(.text)
    .constdata                               0x080095cc   Section      256  os_core.o(.constdata)
    .data                                    0x20000000   Section      100  main.o(.data)
    rfCC2500Settings76800                    0x20000000   Data          34  main.o(.data)
    .data                                    0x20000064   Section       20  system_stm32f10x.o(.data)
    .data                                    0x20000078   Section        7  pcf8563.o(.data)
    .data                                    0x20000080   Section       68  cc2500.o(.data)
    rfCC2500Settings76800                    0x20000080   Data          34  cc2500.o(.data)
    .data                                    0x200000c4   Section        4  delay.o(.data)
    fac_us                                   0x200000c4   Data           1  delay.o(.data)
    fac_ms                                   0x200000c6   Data           2  delay.o(.data)
    .data                                    0x200000c8   Section       14  usart.o(.data)
    .data                                    0x200000d6   Section       20  stm32f10x_rcc.o(.data)
    APBAHBPrescTable                         0x200000d6   Data          16  stm32f10x_rcc.o(.data)
    ADCPrescTable                            0x200000e6   Data           4  stm32f10x_rcc.o(.data)
    .data                                    0x200000ec   Section       96  os_core.o(.data)
    .data                                    0x2000014c   Section        6  os_cpu_c.o(.data)
    OSTmrCtr                                 0x20000150   Data           2  os_cpu_c.o(.data)
    .bss                                     0x20000154   Section    13751  main.o(.bss)
    .bss                                     0x2000370b   Section      242  cc2500.o(.bss)
    .bss                                     0x200037fd   Section       12  sys.o(.bss)
    .bss                                     0x20003809   Section      384  usart.o(.bss)
    .bss                                     0x2000398c   Section     3928  os_core.o(.bss)
    .bss                                     0x200048e4   Section       96  libspace.o(.bss)
    HEAP                                     0x20004948   Section      512  startup_stm32f10x_md.o(HEAP)
    Heap_Mem                                 0x20004948   Data         512  startup_stm32f10x_md.o(HEAP)
    STACK                                    0x20004b48   Section     1024  startup_stm32f10x_md.o(STACK)
    Stack_Mem                                0x20004b48   Data        1024  startup_stm32f10x_md.o(STACK)
    __initial_sp                             0x20004f48   Data           0  startup_stm32f10x_md.o(STACK)

    Global Symbols

    Symbol Name                              Value     Ov Type        Size  Object(Section)

    BuildAttributes$$THM_ISAv4$P$D$K$B$S$PE$A:L22UL41UL21$X:L11$S22US41US21$IEEE1$IW$USESV6$~STKCKD$USESV7$~SHL$OSPACE$ROPI$EBA8$UX$STANDARDLIB$REQ8$PRES8$EABIv2 0x00000000   Number         0  anon$$obj.o ABSOLUTE
    __ARM_use_no_argv                        0x00000000   Number         0  main.o ABSOLUTE
    __ARM_exceptions_init                     - Undefined Weak Reference
    __alloca_initialize                       - Undefined Weak Reference
    __arm_preinit_                            - Undefined Weak Reference
    __cpp_initialize__aeabi_                  - Undefined Weak Reference
    __cxa_finalize                            - Undefined Weak Reference
    __rt_locale                               - Undefined Weak Reference
    __sigvec_lookup                           - Undefined Weak Reference
    _atexit_init                              - Undefined Weak Reference
    _call_atexit_fns                          - Undefined Weak Reference
    _clock_init                               - Undefined Weak Reference
    _fp_trap_init                             - Undefined Weak Reference
    _fp_trap_shutdown                         - Undefined Weak Reference
    _get_lc_collate                           - Undefined Weak Reference
    _get_lc_ctype                             - Undefined Weak Reference
    _get_lc_monetary                          - Undefined Weak Reference
    _get_lc_numeric                           - Undefined Weak Reference
    _get_lc_time                              - Undefined Weak Reference
    _getenv_init                              - Undefined Weak Reference
    _handle_redirection                       - Undefined Weak Reference
    _init_alloc                               - Undefined Weak Reference
    _init_user_alloc                          - Undefined Weak Reference
    _initio                                   - Undefined Weak Reference
    _rand_init                                - Undefined Weak Reference
    _signal_finish                            - Undefined Weak Reference
    _signal_init                              - Undefined Weak Reference
    _terminate_alloc                          - Undefined Weak Reference
    _terminate_user_alloc                     - Undefined Weak Reference
    _terminateio                              - Undefined Weak Reference
    __Vectors_Size                           0x000000ec   Number         0  startup_stm32f10x_md.o ABSOLUTE
    __Vectors                                0x08000000   Data           4  startup_stm32f10x_md.o(RESET)
    __Vectors_End                            0x080000ec   Data           0  startup_stm32f10x_md.o(RESET)
    __main                                   0x080000ed   Thumb Code     8  __main.o(!!!main)
    __scatterload                            0x080000f5   Thumb Code     0  __scatter.o(!!!scatter)
    __scatterload_rt2                        0x080000f5   Thumb Code    44  __scatter.o(!!!scatter)
    __scatterload_rt2_thumb_only             0x080000f5   Thumb Code     0  __scatter.o(!!!scatter)
    __scatterload_null                       0x08000103   Thumb Code     0  __scatter.o(!!!scatter)
    __decompress                             0x08000129   Thumb Code    90  __dczerorl2.o(!!dczerorl2)
    __decompress1                            0x08000129   Thumb Code     0  __dczerorl2.o(!!dczerorl2)
    __scatterload_zeroinit                   0x08000185   Thumb Code    28  __scatter_zi.o(!!handler_zi)
    __rt_lib_init                            0x080001a1   Thumb Code     0  libinit.o(.ARM.Collect$$libinit$$00000000)
    __rt_lib_init_alloca_1                   0x080001a3   Thumb Code     0  libinit2.o(.ARM.Collect$$libinit$$0000002E)
    __rt_lib_init_argv_1                     0x080001a3   Thumb Code     0  libinit2.o(.ARM.Collect$$libinit$$0000002C)
    __rt_lib_init_atexit_1                   0x080001a3   Thumb Code     0  libinit2.o(.ARM.Collect$$libinit$$0000001B)
    __rt_lib_init_clock_1                    0x080001a3   Thumb Code     0  libinit2.o(.ARM.Collect$$libinit$$00000021)
    __rt_lib_init_cpp_1                      0x080001a3   Thumb Code     0  libinit2.o(.ARM.Collect$$libinit$$00000032)
    __rt_lib_init_exceptions_1               0x080001a3   Thumb Code     0  libinit2.o(.ARM.Collect$$libinit$$00000030)
    __rt_lib_init_fp_1                       0x080001a3   Thumb Code     0  libinit2.o(.ARM.Collect$$libinit$$00000002)
    __rt_lib_init_fp_trap_1                  0x080001a3   Thumb Code     0  libinit2.o(.ARM.Collect$$libinit$$0000001F)
    __rt_lib_init_getenv_1                   0x080001a3   Thumb Code     0  libinit2.o(.ARM.Collect$$libinit$$00000023)
    __rt_lib_init_heap_1                     0x080001a3   Thumb Code     0  libinit2.o(.ARM.Collect$$libinit$$0000000A)
    __rt_lib_init_lc_collate_1               0x080001a3   Thumb Code     0  libinit2.o(.ARM.Collect$$libinit$$00000011)
    __rt_lib_init_lc_ctype_1                 0x080001a3   Thumb Code     0  libinit2.o(.ARM.Collect$$libinit$$00000013)
    __rt_lib_init_lc_monetary_1              0x080001a3   Thumb Code     0  libinit2.o(.ARM.Collect$$libinit$$00000015)
    __rt_lib_init_lc_numeric_1               0x080001a3   Thumb Code     0  libinit2.o(.ARM.Collect$$libinit$$00000017)
    __rt_lib_init_lc_time_1                  0x080001a3   Thumb Code     0  libinit2.o(.ARM.Collect$$libinit$$00000019)
    __rt_lib_init_preinit_1                  0x080001a3   Thumb Code     0  libinit2.o(.ARM.Collect$$libinit$$00000004)
    __rt_lib_init_rand_1                     0x080001a3   Thumb Code     0  libinit2.o(.ARM.Collect$$libinit$$0000000E)
    __rt_lib_init_return                     0x080001a3   Thumb Code     0  libinit2.o(.ARM.Collect$$libinit$$00000033)
    __rt_lib_init_signal_1                   0x080001a3   Thumb Code     0  libinit2.o(.ARM.Collect$$libinit$$0000001D)
    __rt_lib_init_stdio_1                    0x080001a3   Thumb Code     0  libinit2.o(.ARM.Collect$$libinit$$00000025)
    __rt_lib_init_user_alloc_1               0x080001a3   Thumb Code     0  libinit2.o(.ARM.Collect$$libinit$$0000000C)
    __rt_lib_shutdown                        0x080001a5   Thumb Code     0  libshutdown.o(.ARM.Collect$$libshutdown$$00000000)
    __rt_lib_shutdown_cpp_1                  0x080001a7   Thumb Code     0  libshutdown2.o(.ARM.Collect$$libshutdown$$00000002)
    __rt_lib_shutdown_fp_trap_1              0x080001a7   Thumb Code     0  libshutdown2.o(.ARM.Collect$$libshutdown$$00000007)
    __rt_lib_shutdown_heap_1                 0x080001a7   Thumb Code     0  libshutdown2.o(.ARM.Collect$$libshutdown$$0000000F)
    __rt_lib_shutdown_return                 0x080001a7   Thumb Code     0  libshutdown2.o(.ARM.Collect$$libshutdown$$00000010)
    __rt_lib_shutdown_signal_1               0x080001a7   Thumb Code     0  libshutdown2.o(.ARM.Collect$$libshutdown$$0000000A)
    __rt_lib_shutdown_stdio_1                0x080001a7   Thumb Code     0  libshutdown2.o(.ARM.Collect$$libshutdown$$00000004)
    __rt_lib_shutdown_user_alloc_1           0x080001a7   Thumb Code     0  libshutdown2.o(.ARM.Collect$$libshutdown$$0000000C)
    __rt_entry                               0x080001a9   Thumb Code     0  __rtentry.o(.ARM.Collect$$rtentry$$00000000)
    __rt_entry_presh_1                       0x080001a9   Thumb Code     0  __rtentry2.o(.ARM.Collect$$rtentry$$00000002)
    __rt_entry_sh                            0x080001a9   Thumb Code     0  __rtentry4.o(.ARM.Collect$$rtentry$$00000004)
    __rt_entry_li                            0x080001af   Thumb Code     0  __rtentry2.o(.ARM.Collect$$rtentry$$0000000A)
    __rt_entry_postsh_1                      0x080001af   Thumb Code     0  __rtentry2.o(.ARM.Collect$$rtentry$$00000009)
    __rt_entry_main                          0x080001b3   Thumb Code     0  __rtentry2.o(.ARM.Collect$$rtentry$$0000000D)
    __rt_entry_postli_1                      0x080001b3   Thumb Code     0  __rtentry2.o(.ARM.Collect$$rtentry$$0000000C)
    __rt_exit                                0x080001bb   Thumb Code     0  rtexit.o(.ARM.Collect$$rtexit$$00000000)
    __rt_exit_ls                             0x080001bd   Thumb Code     0  rtexit2.o(.ARM.Collect$$rtexit$$00000003)
    __rt_exit_prels_1                        0x080001bd   Thumb Code     0  rtexit2.o(.ARM.Collect$$rtexit$$00000002)
    __rt_exit_exit                           0x080001c1   Thumb Code     0  rtexit2.o(.ARM.Collect$$rtexit$$00000004)
    RefreshTime                              0x080001c9   Thumb Code    66  main.o(.text)
    tmr1_callback                            0x0800020b   Thumb Code   190  main.o(.text)
    tmr2_callback                            0x080002c9   Thumb Code    14  main.o(.text)
    free_task                                0x080002d7   Thumb Code    16  main.o(.text)
    SendOnLineToPC                           0x080002e7   Thumb Code   176  main.o(.text)
    ClearTermCmd                             0x08000397   Thumb Code    56  main.o(.text)
    SeekTerm                                 0x080003cf   Thumb Code    38  main.o(.text)
    ClearTermStauts                          0x080003f5   Thumb Code    48  main.o(.text)
    ClearAllTermCmd                          0x08000425   Thumb Code    26  main.o(.text)
    DeleteTerm                               0x0800043f   Thumb Code    64  main.o(.text)
    SaveTerm                                 0x0800047f   Thumb Code   146  main.o(.text)
    CheckPc                                  0x08000511   Thumb Code  4002  main.o(.text)
    BlanceOver                               0x080014b3   Thumb Code   170  main.o(.text)
    SendBlanceLight                          0x0800155d   Thumb Code   126  main.o(.text)
    CheckBlanceState                         0x080015db   Thumb Code   104  main.o(.text)
    ResetCC2500Data                          0x08001643   Thumb Code    38  main.o(.text)
    ExplainCC2500                            0x08001669   Thumb Code    96  main.o(.text)
    CheckDataOK                              0x080016c9   Thumb Code    64  main.o(.text)
    sme2_read                                0x08001709   Thumb Code   896  main.o(.text)
    sme1_read                                0x08001a89   Thumb Code   566  main.o(.text)
    AskTerm                                  0x08001cbf   Thumb Code   460  main.o(.text)
    SendHeartBag                             0x08001e8b   Thumb Code   158  main.o(.text)
    ClearInvalidTerm                         0x08001f29   Thumb Code   404  main.o(.text)
    main_task                                0x080020bd   Thumb Code  1208  main.o(.text)
    start_task                               0x08002575   Thumb Code    76  main.o(.text)
    ReadSetting                              0x080025c1   Thumb Code   538  main.o(.text)
    main                                     0x080027db   Thumb Code   476  main.o(.text)
    EXTI0_IRQHandler                         0x080029b7   Thumb Code    36  main.o(.text)
    EXTI4_IRQHandler                         0x080029db   Thumb Code    38  main.o(.text)
    WriteSetting                             0x08002a01   Thumb Code   112  main.o(.text)
    TestSetTime                              0x08002a71   Thumb Code    64  main.o(.text)
    NMI_Handler                              0x08002b09   Thumb Code     2  stm32f10x_it.o(.text)
    HardFault_Handler                        0x08002b0b   Thumb Code     4  stm32f10x_it.o(.text)
    MemManage_Handler                        0x08002b0f   Thumb Code     4  stm32f10x_it.o(.text)
    BusFault_Handler                         0x08002b13   Thumb Code     4  stm32f10x_it.o(.text)
    UsageFault_Handler                       0x08002b17   Thumb Code     4  stm32f10x_it.o(.text)
    SVC_Handler                              0x08002b1b   Thumb Code     2  stm32f10x_it.o(.text)
    DebugMon_Handler                         0x08002b1d   Thumb Code     2  stm32f10x_it.o(.text)
    SystemInit                               0x08002bff   Thumb Code    78  system_stm32f10x.o(.text)
    SystemCoreClockUpdate                    0x08002c4d   Thumb Code   142  system_stm32f10x.o(.text)
    LED_Init                                 0x08002d01   Thumb Code   118  led.o(.text)
    Buzzer                                   0x08002d77   Thumb Code    38  led.o(.text)
    IIC_Init                                 0x08002dad   Thumb Code    46  myiic.o(.text)
    IIC_Delay                                0x08002ddb   Thumb Code    16  myiic.o(.text)
    IIC_Start                                0x08002deb   Thumb Code    64  myiic.o(.text)
    IIC_Stop                                 0x08002e2b   Thumb Code    74  myiic.o(.text)
    IIC_Wait_Ack                             0x08002e75   Thumb Code    86  myiic.o(.text)
    IIC_Ack                                  0x08002ecb   Thumb Code    70  myiic.o(.text)
    IIC_NAck                                 0x08002f11   Thumb Code    70  myiic.o(.text)
    IIC_Send_Byte                            0x08002f57   Thumb Code   104  myiic.o(.text)
    IIC_Read_Byte                            0x08002fbf   Thumb Code   100  myiic.o(.text)
    AT24CXX_ReadOneByte                      0x08003031   Thumb Code    84  24cxx.o(.text)
    AT24CXX_WriteOneByte                     0x08003085   Thumb Code    78  24cxx.o(.text)
    AT24CXX_WriteLenByte                     0x080030d3   Thumb Code    42  24cxx.o(.text)
    AT24CXX_ReadLenByte                      0x080030fd   Thumb Code    44  24cxx.o(.text)
    AT24CXX_Check                            0x08003129   Thumb Code    52  24cxx.o(.text)
    AT24CXX_Read                             0x0800315d   Thumb Code    34  24cxx.o(.text)
    AT24CXX_Write                            0x0800317f   Thumb Code    36  24cxx.o(.text)
    TIM2_Init                                0x080031a5   Thumb Code    92  timer.o(.text)
    TIM3_Init                                0x08003201   Thumb Code    88  timer.o(.text)
    TIM4_Init                                0x08003259   Thumb Code    88  timer.o(.text)
    IWDG_Init                                0x080032b1   Thumb Code    36  timer.o(.text)
    IWDG_Feed                                0x080032d5   Thumb Code     8  timer.o(.text)
    TIM2_IRQHandler                          0x080032dd   Thumb Code    20  timer.o(.text)
    TIM3_IRQHandler                          0x080032f1   Thumb Code    20  timer.o(.text)
    TIM4_IRQHandler                          0x08003305   Thumb Code    20  timer.o(.text)
    PCF8563_Write_Byte                       0x08003321   Thumb Code    58  pcf8563.o(.text)
    RTC_BinToBcd2                            0x0800335b   Thumb Code    28  pcf8563.o(.text)
    PCF8563_init                             0x08003377   Thumb Code   202  pcf8563.o(.text)
    bcd_to_hex                               0x08003441   Thumb Code    20  pcf8563.o(.text)
    PCF8563_Read_Byte                        0x08003455   Thumb Code    70  pcf8563.o(.text)
    PCF8563_Get_Time                         0x0800349b   Thumb Code   122  pcf8563.o(.text)
    PCF8563_Get_Year                         0x08003515   Thumb Code    22  pcf8563.o(.text)
    PCF8563_Get_Reg                          0x0800352b   Thumb Code    26  pcf8563.o(.text)
    PCF8563_Set_Time                         0x08003545   Thumb Code    36  pcf8563.o(.text)
    RTC_Bcd2ToBin                            0x08003569   Thumb Code    22  pcf8563.o(.text)
    HWSPI_Init                               0x08003585   Thumb Code   380  cc2500.o(.text)
    SPI2_SetSpeed                            0x08003701   Thumb Code    36  cc2500.o(.text)
    SPI2_ReadWriteByte                       0x08003725   Thumb Code    78  cc2500.o(.text)
    SPI_Read_Buf                             0x08003773   Thumb Code    44  cc2500.o(.text)
    SPI_Write_Buf                            0x0800379f   Thumb Code    44  cc2500.o(.text)
    CC_Cmd                                   0x080037cb   Thumb Code    58  cc2500.o(.text)
    Clean_Rx_buffer                          0x08003805   Thumb Code    40  cc2500.o(.text)
    CC_WrReg                                 0x0800382d   Thumb Code    70  cc2500.o(.text)
    CC_WrRegs                                0x08003873   Thumb Code    90  cc2500.o(.text)
    CC_RdStatus                              0x080038cd   Thumb Code    70  cc2500.o(.text)
    CC_RdReg                                 0x08003913   Thumb Code    68  cc2500.o(.text)
    CC_RdRegs                                0x08003957   Thumb Code   126  cc2500.o(.text)
    CC_GetStatus                             0x080039d5   Thumb Code    14  cc2500.o(.text)
    CC_RESET                                 0x080039e3   Thumb Code    62  cc2500.o(.text)
    CC_RfConfig                              0x08003a21   Thumb Code   352  cc2500.o(.text)
    CC_PaTable                               0x08003b81   Thumb Code    34  cc2500.o(.text)
    CC2500_RxOn                              0x08003ba3   Thumb Code    58  cc2500.o(.text)
    CC_FEC                                   0x08003bdd   Thumb Code    48  cc2500.o(.text)
    CC_Chan                                  0x08003c0d   Thumb Code   132  cc2500.o(.text)
    CC_HotReset                              0x08003c91   Thumb Code    56  cc2500.o(.text)
    CC_WHITE                                 0x08003cc9   Thumb Code    48  cc2500.o(.text)
    CC_ClrRx                                 0x08003cf9   Thumb Code    22  cc2500.o(.text)
    CC_ClrTx                                 0x08003d0f   Thumb Code    22  cc2500.o(.text)
    CC_Init                                  0x08003d25   Thumb Code   140  cc2500.o(.text)
    CC_SendPacket                            0x08003db1   Thumb Code   278  cc2500.o(.text)
    CC_RdPacket                              0x08003ec7   Thumb Code   210  cc2500.o(.text)
    CC_RssiCh                                0x08003f99   Thumb Code    24  cc2500.o(.text)
    CC_Rssi                                  0x08003fb1   Thumb Code    14  cc2500.o(.text)
    CC_PackStatus                            0x08003fbf   Thumb Code    14  cc2500.o(.text)
    CC_CheckCCA                              0x08003fcd   Thumb Code    30  cc2500.o(.text)
    RfOff                                    0x08003feb   Thumb Code    22  cc2500.o(.text)
    CC2500_TxOn                              0x08004001   Thumb Code    14  cc2500.o(.text)
    CC_Test                                  0x0800400f   Thumb Code    72  cc2500.o(.text)
    SysTick_Handler                          0x0800407d   Thumb Code    16  delay.o(.text)
    delay_init                               0x0800408d   Thumb Code    76  delay.o(.text)
    delay_us                                 0x080040d9   Thumb Code    70  delay.o(.text)
    delay_ms                                 0x0800411f   Thumb Code    62  delay.o(.text)
    NVIC_Configuration                       0x08004171   Thumb Code    12  sys.o(.text)
    util_readStm32UniqueCode                 0x0800417d   Thumb Code    24  sys.o(.text)
    _sys_exit                                0x0800419d   Thumb Code     6  usart.o(.text)
    fputc                                    0x080041a3   Thumb Code    88  usart.o(.text)
    uart1dma_init                            0x080041fb   Thumb Code   276  usart.o(.text)
    uart2dma_init                            0x0800430f   Thumb Code   284  usart.o(.text)
    uart3dma_init                            0x0800442b   Thumb Code   288  usart.o(.text)
    UART1_Send                               0x0800454b   Thumb Code    40  usart.o(.text)
    UART2_Send                               0x08004573   Thumb Code    82  usart.o(.text)
    UART3_Send                               0x080045c5   Thumb Code    40  usart.o(.text)
    USART1_IRQHandler                        0x080045ed   Thumb Code    90  usart.o(.text)
    USART2_IRQHandler                        0x08004647   Thumb Code    98  usart.o(.text)
    USART3_IRQHandler                        0x080046a9   Thumb Code    98  usart.o(.text)
    CRC_CHECK                                0x0800470b   Thumb Code    58  usart.o(.text)
    Reset_Handler                            0x08004761   Thumb Code     8  startup_stm32f10x_md.o(.text)
    ADC1_2_IRQHandler                        0x0800477b   Thumb Code     0  startup_stm32f10x_md.o(.text)
    CAN1_RX1_IRQHandler                      0x0800477b   Thumb Code     0  startup_stm32f10x_md.o(.text)
    CAN1_SCE_IRQHandler                      0x0800477b   Thumb Code     0  startup_stm32f10x_md.o(.text)
    DMA1_Channel1_IRQHandler                 0x0800477b   Thumb Code     0  startup_stm32f10x_md.o(.text)
    DMA1_Channel2_IRQHandler                 0x0800477b   Thumb Code     0  startup_stm32f10x_md.o(.text)
    DMA1_Channel3_IRQHandler                 0x0800477b   Thumb Code     0  startup_stm32f10x_md.o(.text)
    DMA1_Channel4_IRQHandler                 0x0800477b   Thumb Code     0  startup_stm32f10x_md.o(.text)
    DMA1_Channel5_IRQHandler                 0x0800477b   Thumb Code     0  startup_stm32f10x_md.o(.text)
    DMA1_Channel6_IRQHandler                 0x0800477b   Thumb Code     0  startup_stm32f10x_md.o(.text)
    DMA1_Channel7_IRQHandler                 0x0800477b   Thumb Code     0  startup_stm32f10x_md.o(.text)
    EXTI15_10_IRQHandler                     0x0800477b   Thumb Code     0  startup_stm32f10x_md.o(.text)
    EXTI1_IRQHandler                         0x0800477b   Thumb Code     0  startup_stm32f10x_md.o(.text)
    EXTI2_IRQHandler                         0x0800477b   Thumb Code     0  startup_stm32f10x_md.o(.text)
    EXTI3_IRQHandler                         0x0800477b   Thumb Code     0  startup_stm32f10x_md.o(.text)
    EXTI9_5_IRQHandler                       0x0800477b   Thumb Code     0  startup_stm32f10x_md.o(.text)
    FLASH_IRQHandler                         0x0800477b   Thumb Code     0  startup_stm32f10x_md.o(.text)
    I2C1_ER_IRQHandler                       0x0800477b   Thumb Code     0  startup_stm32f10x_md.o(.text)
    I2C1_EV_IRQHandler                       0x0800477b   Thumb Code     0  startup_stm32f10x_md.o(.text)
    I2C2_ER_IRQHandler                       0x0800477b   Thumb Code     0  startup_stm32f10x_md.o(.text)
    I2C2_EV_IRQHandler                       0x0800477b   Thumb Code     0  startup_stm32f10x_md.o(.text)
    PVD_IRQHandler                           0x0800477b   Thumb Code     0  startup_stm32f10x_md.o(.text)
    RCC_IRQHandler                           0x0800477b   Thumb Code     0  startup_stm32f10x_md.o(.text)
    RTCAlarm_IRQHandler                      0x0800477b   Thumb Code     0  startup_stm32f10x_md.o(.text)
    RTC_IRQHandler                           0x0800477b   Thumb Code     0  startup_stm32f10x_md.o(.text)
    SPI1_IRQHandler                          0x0800477b   Thumb Code     0  startup_stm32f10x_md.o(.text)
    SPI2_IRQHandler                          0x0800477b   Thumb Code     0  startup_stm32f10x_md.o(.text)
    TAMPER_IRQHandler                        0x0800477b   Thumb Code     0  startup_stm32f10x_md.o(.text)
    TIM1_BRK_IRQHandler                      0x0800477b   Thumb Code     0  startup_stm32f10x_md.o(.text)
    TIM1_CC_IRQHandler                       0x0800477b   Thumb Code     0  startup_stm32f10x_md.o(.text)
    TIM1_TRG_COM_IRQHandler                  0x0800477b   Thumb Code     0  startup_stm32f10x_md.o(.text)
    TIM1_UP_IRQHandler                       0x0800477b   Thumb Code     0  startup_stm32f10x_md.o(.text)
    USBWakeUp_IRQHandler                     0x0800477b   Thumb Code     0  startup_stm32f10x_md.o(.text)
    USB_HP_CAN1_TX_IRQHandler                0x0800477b   Thumb Code     0  startup_stm32f10x_md.o(.text)
    USB_LP_CAN1_RX0_IRQHandler               0x0800477b   Thumb Code     0  startup_stm32f10x_md.o(.text)
    WWDG_IRQHandler                          0x0800477b   Thumb Code     0  startup_stm32f10x_md.o(.text)
    __user_initial_stackheap                 0x0800477d   Thumb Code     0  startup_stm32f10x_md.o(.text)
    NVIC_PriorityGroupConfig                 0x080047a1   Thumb Code    10  misc.o(.text)
    NVIC_Init                                0x080047ab   Thumb Code   100  misc.o(.text)
    NVIC_SetVectorTable                      0x0800480f   Thumb Code    14  misc.o(.text)
    NVIC_SystemLPConfig                      0x0800481d   Thumb Code    34  misc.o(.text)
    SysTick_CLKSourceConfig                  0x0800483f   Thumb Code    40  misc.o(.text)
    GPIO_DeInit                              0x0800487d   Thumb Code   172  stm32f10x_gpio.o(.text)
    GPIO_AFIODeInit                          0x08004929   Thumb Code    20  stm32f10x_gpio.o(.text)
    GPIO_Init                                0x0800493d   Thumb Code   278  stm32f10x_gpio.o(.text)
    GPIO_StructInit                          0x08004a53   Thumb Code    16  stm32f10x_gpio.o(.text)
    GPIO_ReadInputDataBit                    0x08004a63   Thumb Code    18  stm32f10x_gpio.o(.text)
    GPIO_ReadInputData                       0x08004a75   Thumb Code     8  stm32f10x_gpio.o(.text)
    GPIO_ReadOutputDataBit                   0x08004a7d   Thumb Code    18  stm32f10x_gpio.o(.text)
    GPIO_ReadOutputData                      0x08004a8f   Thumb Code     8  stm32f10x_gpio.o(.text)
    GPIO_SetBits                             0x08004a97   Thumb Code     4  stm32f10x_gpio.o(.text)
    GPIO_ResetBits                           0x08004a9b   Thumb Code     4  stm32f10x_gpio.o(.text)
    GPIO_WriteBit                            0x08004a9f   Thumb Code    10  stm32f10x_gpio.o(.text)
    GPIO_Write                               0x08004aa9   Thumb Code     4  stm32f10x_gpio.o(.text)
    GPIO_PinLockConfig                       0x08004aad   Thumb Code    18  stm32f10x_gpio.o(.text)
    GPIO_EventOutputConfig                   0x08004abf   Thumb Code    26  stm32f10x_gpio.o(.text)
    GPIO_EventOutputCmd                      0x08004ad9   Thumb Code     6  stm32f10x_gpio.o(.text)
    GPIO_PinRemapConfig                      0x08004adf   Thumb Code   138  stm32f10x_gpio.o(.text)
    GPIO_EXTILineConfig                      0x08004b69   Thumb Code    66  stm32f10x_gpio.o(.text)
    GPIO_ETH_MediaInterfaceConfig            0x08004bab   Thumb Code     8  stm32f10x_gpio.o(.text)
    RCC_DeInit                               0x08004bd9   Thumb Code    64  stm32f10x_rcc.o(.text)
    RCC_HSEConfig                            0x08004c19   Thumb Code    70  stm32f10x_rcc.o(.text)
    RCC_GetFlagStatus                        0x08004c5f   Thumb Code    56  stm32f10x_rcc.o(.text)
    RCC_WaitForHSEStartUp                    0x08004c97   Thumb Code    56  stm32f10x_rcc.o(.text)
    RCC_AdjustHSICalibrationValue            0x08004ccf   Thumb Code    20  stm32f10x_rcc.o(.text)
    RCC_HSICmd                               0x08004ce3   Thumb Code     6  stm32f10x_rcc.o(.text)
    RCC_PLLConfig                            0x08004ce9   Thumb Code    24  stm32f10x_rcc.o(.text)
    RCC_PLLCmd                               0x08004d01   Thumb Code     6  stm32f10x_rcc.o(.text)
    RCC_SYSCLKConfig                         0x08004d07   Thumb Code    18  stm32f10x_rcc.o(.text)
    RCC_GetSYSCLKSource                      0x08004d19   Thumb Code    10  stm32f10x_rcc.o(.text)
    RCC_HCLKConfig                           0x08004d23   Thumb Code    18  stm32f10x_rcc.o(.text)
    RCC_PCLK1Config                          0x08004d35   Thumb Code    18  stm32f10x_rcc.o(.text)
    RCC_PCLK2Config                          0x08004d47   Thumb Code    20  stm32f10x_rcc.o(.text)
    RCC_ITConfig                             0x08004d5b   Thumb Code    26  stm32f10x_rcc.o(.text)
    RCC_USBCLKConfig                         0x08004d75   Thumb Code     8  stm32f10x_rcc.o(.text)
    RCC_ADCCLKConfig                         0x08004d7d   Thumb Code    18  stm32f10x_rcc.o(.text)
    RCC_LSEConfig                            0x08004d8f   Thumb Code    50  stm32f10x_rcc.o(.text)
    RCC_LSICmd                               0x08004dc1   Thumb Code     6  stm32f10x_rcc.o(.text)
    RCC_RTCCLKConfig                         0x08004dc7   Thumb Code    12  stm32f10x_rcc.o(.text)
    RCC_RTCCLKCmd                            0x08004dd3   Thumb Code     8  stm32f10x_rcc.o(.text)
    RCC_GetClocksFreq                        0x08004ddb   Thumb Code   192  stm32f10x_rcc.o(.text)
    RCC_AHBPeriphClockCmd                    0x08004e9b   Thumb Code    26  stm32f10x_rcc.o(.text)
    RCC_APB2PeriphClockCmd                   0x08004eb5   Thumb Code    26  stm32f10x_rcc.o(.text)
    RCC_APB1PeriphClockCmd                   0x08004ecf   Thumb Code    26  stm32f10x_rcc.o(.text)
    RCC_APB2PeriphResetCmd                   0x08004ee9   Thumb Code    26  stm32f10x_rcc.o(.text)
    RCC_APB1PeriphResetCmd                   0x08004f03   Thumb Code    26  stm32f10x_rcc.o(.text)
    RCC_BackupResetCmd                       0x08004f1d   Thumb Code     8  stm32f10x_rcc.o(.text)
    RCC_ClockSecuritySystemCmd               0x08004f25   Thumb Code     6  stm32f10x_rcc.o(.text)
    RCC_MCOConfig                            0x08004f2b   Thumb Code     6  stm32f10x_rcc.o(.text)
    RCC_ClearFlag                            0x08004f31   Thumb Code    14  stm32f10x_rcc.o(.text)
    RCC_GetITStatus                          0x08004f3f   Thumb Code    20  stm32f10x_rcc.o(.text)
    RCC_ClearITPendingBit                    0x08004f53   Thumb Code     6  stm32f10x_rcc.o(.text)
    TIM_DeInit                               0x08004f7d   Thumb Code   424  stm32f10x_tim.o(.text)
    TIM_TimeBaseInit                         0x08005125   Thumb Code   122  stm32f10x_tim.o(.text)
    TIM_OC1Init                              0x0800519f   Thumb Code   132  stm32f10x_tim.o(.text)
    TIM_OC2Init                              0x08005223   Thumb Code   154  stm32f10x_tim.o(.text)
    TIM_OC3Init                              0x080052bd   Thumb Code   150  stm32f10x_tim.o(.text)
    TIM_OC4Init                              0x08005353   Thumb Code   182  stm32f10x_tim.o(.text)
    TIM_SetIC4Prescaler                      0x08005409   Thumb Code    26  stm32f10x_tim.o(.text)
    TIM_SetIC3Prescaler                      0x080054a5   Thumb Code    18  stm32f10x_tim.o(.text)
    TIM_SetIC2Prescaler                      0x08005531   Thumb Code    26  stm32f10x_tim.o(.text)
    TIM_SetIC1Prescaler                      0x080055cd   Thumb Code    18  stm32f10x_tim.o(.text)
    TIM_ICInit                               0x0800564b   Thumb Code   150  stm32f10x_tim.o(.text)
    TIM_PWMIConfig                           0x080056e1   Thumb Code   124  stm32f10x_tim.o(.text)
    TIM_BDTRConfig                           0x0800575d   Thumb Code    32  stm32f10x_tim.o(.text)
    TIM_TimeBaseStructInit                   0x0800577d   Thumb Code    18  stm32f10x_tim.o(.text)
    TIM_OCStructInit                         0x0800578f   Thumb Code    20  stm32f10x_tim.o(.text)
    TIM_ICStructInit                         0x080057a3   Thumb Code    18  stm32f10x_tim.o(.text)
    TIM_BDTRStructInit                       0x080057b5   Thumb Code    40  stm32f10x_tim.o(.text)
    TIM_Cmd                                  0x080057dd   Thumb Code    24  stm32f10x_tim.o(.text)
    TIM_CtrlPWMOutputs                       0x080057f5   Thumb Code    30  stm32f10x_tim.o(.text)
    TIM_ITConfig                             0x08005813   Thumb Code    18  stm32f10x_tim.o(.text)
    TIM_GenerateEvent                        0x08005825   Thumb Code     4  stm32f10x_tim.o(.text)
    TIM_DMAConfig                            0x08005829   Thumb Code    10  stm32f10x_tim.o(.text)
    TIM_DMACmd                               0x08005833   Thumb Code    18  stm32f10x_tim.o(.text)
    TIM_InternalClockConfig                  0x08005845   Thumb Code    12  stm32f10x_tim.o(.text)
    TIM_SelectInputTrigger                   0x08005851   Thumb Code    18  stm32f10x_tim.o(.text)
    TIM_ITRxExternalClockConfig              0x08005863   Thumb Code    24  stm32f10x_tim.o(.text)
    TIM_TIxExternalClockConfig               0x0800587b   Thumb Code    62  stm32f10x_tim.o(.text)
    TIM_ETRConfig                            0x080058b9   Thumb Code    28  stm32f10x_tim.o(.text)
    TIM_ETRClockMode1Config                  0x080058d5   Thumb Code    54  stm32f10x_tim.o(.text)
    TIM_ETRClockMode2Config                  0x0800590b   Thumb Code    32  stm32f10x_tim.o(.text)
    TIM_PrescalerConfig                      0x0800592b   Thumb Code     6  stm32f10x_tim.o(.text)
    TIM_CounterModeConfig                    0x08005931   Thumb Code    18  stm32f10x_tim.o(.text)
    TIM_EncoderInterfaceConfig               0x08005943   Thumb Code    66  stm32f10x_tim.o(.text)
    TIM_ForcedOC1Config                      0x08005985   Thumb Code    18  stm32f10x_tim.o(.text)
    TIM_ForcedOC2Config                      0x08005997   Thumb Code    26  stm32f10x_tim.o(.text)
    TIM_ForcedOC3Config                      0x080059b1   Thumb Code    18  stm32f10x_tim.o(.text)
    TIM_ForcedOC4Config                      0x080059c3   Thumb Code    26  stm32f10x_tim.o(.text)
    TIM_ARRPreloadConfig                     0x080059dd   Thumb Code    24  stm32f10x_tim.o(.text)
    TIM_SelectCOM                            0x080059f5   Thumb Code    24  stm32f10x_tim.o(.text)
    TIM_SelectCCDMA                          0x08005a0d   Thumb Code    24  stm32f10x_tim.o(.text)
    TIM_CCPreloadControl                     0x08005a25   Thumb Code    24  stm32f10x_tim.o(.text)
    TIM_OC1PreloadConfig                     0x08005a3d   Thumb Code    18  stm32f10x_tim.o(.text)
    TIM_OC2PreloadConfig                     0x08005a4f   Thumb Code    26  stm32f10x_tim.o(.text)
    TIM_OC3PreloadConfig                     0x08005a69   Thumb Code    18  stm32f10x_tim.o(.text)
    TIM_OC4PreloadConfig                     0x08005a7b   Thumb Code    26  stm32f10x_tim.o(.text)
    TIM_OC1FastConfig                        0x08005a95   Thumb Code    18  stm32f10x_tim.o(.text)
    TIM_OC2FastConfig                        0x08005aa7   Thumb Code    26  stm32f10x_tim.o(.text)
    TIM_OC3FastConfig                        0x08005ac1   Thumb Code    18  stm32f10x_tim.o(.text)
    TIM_OC4FastConfig                        0x08005ad3   Thumb Code    26  stm32f10x_tim.o(.text)
    TIM_ClearOC1Ref                          0x08005aed   Thumb Code    18  stm32f10x_tim.o(.text)
    TIM_ClearOC2Ref                          0x08005aff   Thumb Code    24  stm32f10x_tim.o(.text)
    TIM_ClearOC3Ref                          0x08005b17   Thumb Code    18  stm32f10x_tim.o(.text)
    TIM_ClearOC4Ref                          0x08005b29   Thumb Code    24  stm32f10x_tim.o(.text)
    TIM_OC1PolarityConfig                    0x08005b41   Thumb Code    18  stm32f10x_tim.o(.text)
    TIM_OC1NPolarityConfig                   0x08005b53   Thumb Code    18  stm32f10x_tim.o(.text)
    TIM_OC2PolarityConfig                    0x08005b65   Thumb Code    26  stm32f10x_tim.o(.text)
    TIM_OC2NPolarityConfig                   0x08005b7f   Thumb Code    26  stm32f10x_tim.o(.text)
    TIM_OC3PolarityConfig                    0x08005b99   Thumb Code    26  stm32f10x_tim.o(.text)
    TIM_OC3NPolarityConfig                   0x08005bb3   Thumb Code    26  stm32f10x_tim.o(.text)
    TIM_OC4PolarityConfig                    0x08005bcd   Thumb Code    26  stm32f10x_tim.o(.text)
    TIM_CCxCmd                               0x08005be7   Thumb Code    30  stm32f10x_tim.o(.text)
    TIM_CCxNCmd                              0x08005c05   Thumb Code    30  stm32f10x_tim.o(.text)
    TIM_SelectOCxM                           0x08005c23   Thumb Code    82  stm32f10x_tim.o(.text)
    TIM_UpdateDisableConfig                  0x08005c75   Thumb Code    24  stm32f10x_tim.o(.text)
    TIM_UpdateRequestConfig                  0x08005c8d   Thumb Code    24  stm32f10x_tim.o(.text)
    TIM_SelectHallSensor                     0x08005ca5   Thumb Code    24  stm32f10x_tim.o(.text)
    TIM_SelectOnePulseMode                   0x08005cbd   Thumb Code    18  stm32f10x_tim.o(.text)
    TIM_SelectOutputTrigger                  0x08005ccf   Thumb Code    18  stm32f10x_tim.o(.text)
    TIM_SelectSlaveMode                      0x08005ce1   Thumb Code    18  stm32f10x_tim.o(.text)
    TIM_SelectMasterSlaveMode                0x08005cf3   Thumb Code    18  stm32f10x_tim.o(.text)
    TIM_SetCounter                           0x08005d05   Thumb Code     4  stm32f10x_tim.o(.text)
    TIM_SetAutoreload                        0x08005d09   Thumb Code     4  stm32f10x_tim.o(.text)
    TIM_SetCompare1                          0x08005d0d   Thumb Code     4  stm32f10x_tim.o(.text)
    TIM_SetCompare2                          0x08005d11   Thumb Code     4  stm32f10x_tim.o(.text)
    TIM_SetCompare3                          0x08005d15   Thumb Code     4  stm32f10x_tim.o(.text)
    TIM_SetCompare4                          0x08005d19   Thumb Code     6  stm32f10x_tim.o(.text)
    TIM_SetClockDivision                     0x08005d1f   Thumb Code    18  stm32f10x_tim.o(.text)
    TIM_GetCapture1                          0x08005d31   Thumb Code     6  stm32f10x_tim.o(.text)
    TIM_GetCapture2                          0x08005d37   Thumb Code     6  stm32f10x_tim.o(.text)
    TIM_GetCapture3                          0x08005d3d   Thumb Code     6  stm32f10x_tim.o(.text)
    TIM_GetCapture4                          0x08005d43   Thumb Code     8  stm32f10x_tim.o(.text)
    TIM_GetCounter                           0x08005d4b   Thumb Code     6  stm32f10x_tim.o(.text)
    TIM_GetPrescaler                         0x08005d51   Thumb Code     6  stm32f10x_tim.o(.text)
    TIM_GetFlagStatus                        0x08005d57   Thumb Code    18  stm32f10x_tim.o(.text)
    TIM_ClearFlag                            0x08005d69   Thumb Code     6  stm32f10x_tim.o(.text)
    TIM_GetITStatus                          0x08005d6f   Thumb Code    34  stm32f10x_tim.o(.text)
    TIM_ClearITPendingBit                    0x08005d91   Thumb Code     6  stm32f10x_tim.o(.text)
    USART_DeInit                             0x08005d99   Thumb Code   134  stm32f10x_usart.o(.text)
    USART_Init                               0x08005e1f   Thumb Code   210  stm32f10x_usart.o(.text)
    USART_StructInit                         0x08005ef1   Thumb Code    24  stm32f10x_usart.o(.text)
    USART_ClockInit                          0x08005f09   Thumb Code    34  stm32f10x_usart.o(.text)
    USART_ClockStructInit                    0x08005f2b   Thumb Code    12  stm32f10x_usart.o(.text)
    USART_Cmd                                0x08005f37   Thumb Code    24  stm32f10x_usart.o(.text)
    USART_ITConfig                           0x08005f4f   Thumb Code    74  stm32f10x_usart.o(.text)
    USART_DMACmd                             0x08005f99   Thumb Code    18  stm32f10x_usart.o(.text)
    USART_SetAddress                         0x08005fab   Thumb Code    18  stm32f10x_usart.o(.text)
    USART_WakeUpConfig                       0x08005fbd   Thumb Code    18  stm32f10x_usart.o(.text)
    USART_ReceiverWakeUpCmd                  0x08005fcf   Thumb Code    24  stm32f10x_usart.o(.text)
    USART_LINBreakDetectLengthConfig         0x08005fe7   Thumb Code    18  stm32f10x_usart.o(.text)
    USART_LINCmd                             0x08005ff9   Thumb Code    24  stm32f10x_usart.o(.text)
    USART_SendData                           0x08006011   Thumb Code     8  stm32f10x_usart.o(.text)
    USART_ReceiveData                        0x08006019   Thumb Code    10  stm32f10x_usart.o(.text)
    USART_SendBreak                          0x08006023   Thumb Code    10  stm32f10x_usart.o(.text)
    USART_SetGuardTime                       0x0800602d   Thumb Code    16  stm32f10x_usart.o(.text)
    USART_SetPrescaler                       0x0800603d   Thumb Code    16  stm32f10x_usart.o(.text)
    USART_SmartCardCmd                       0x0800604d   Thumb Code    24  stm32f10x_usart.o(.text)
    USART_SmartCardNACKCmd                   0x08006065   Thumb Code    24  stm32f10x_usart.o(.text)
    USART_HalfDuplexCmd                      0x0800607d   Thumb Code    24  stm32f10x_usart.o(.text)
    USART_OverSampling8Cmd                   0x08006095   Thumb Code    22  stm32f10x_usart.o(.text)
    USART_OneBitMethodCmd                    0x080060ab   Thumb Code    24  stm32f10x_usart.o(.text)
    USART_IrDAConfig                         0x080060c3   Thumb Code    18  stm32f10x_usart.o(.text)
    USART_IrDACmd                            0x080060d5   Thumb Code    24  stm32f10x_usart.o(.text)
    USART_GetFlagStatus                      0x080060ed   Thumb Code    26  stm32f10x_usart.o(.text)
    USART_ClearFlag                          0x08006107   Thumb Code    18  stm32f10x_usart.o(.text)
    USART_GetITStatus                        0x08006119   Thumb Code    84  stm32f10x_usart.o(.text)
    USART_ClearITPendingBit                  0x0800616d   Thumb Code    52  stm32f10x_usart.o(.text)
    DMA_DeInit                               0x080061a1   Thumb Code   324  stm32f10x_dma.o(.text)
    DMA_Init                                 0x080062e5   Thumb Code    60  stm32f10x_dma.o(.text)
    DMA_StructInit                           0x08006321   Thumb Code    26  stm32f10x_dma.o(.text)
    DMA_Cmd                                  0x0800633b   Thumb Code    24  stm32f10x_dma.o(.text)
    DMA_ITConfig                             0x08006353   Thumb Code    18  stm32f10x_dma.o(.text)
    DMA_SetCurrDataCounter                   0x08006365   Thumb Code     4  stm32f10x_dma.o(.text)
    DMA_GetCurrDataCounter                   0x08006369   Thumb Code     8  stm32f10x_dma.o(.text)
    DMA_GetFlagStatus                        0x08006371   Thumb Code    40  stm32f10x_dma.o(.text)
    DMA_ClearFlag                            0x08006399   Thumb Code    22  stm32f10x_dma.o(.text)
    DMA_GetITStatus                          0x080063af   Thumb Code    40  stm32f10x_dma.o(.text)
    DMA_ClearITPendingBit                    0x080063d7   Thumb Code    22  stm32f10x_dma.o(.text)
    EXTI_DeInit                              0x080063f5   Thumb Code    28  stm32f10x_exti.o(.text)
    EXTI_Init                                0x08006411   Thumb Code   142  stm32f10x_exti.o(.text)
    EXTI_StructInit                          0x0800649f   Thumb Code    16  stm32f10x_exti.o(.text)
    EXTI_GenerateSWInterrupt                 0x080064af   Thumb Code    16  stm32f10x_exti.o(.text)
    EXTI_GetFlagStatus                       0x080064bf   Thumb Code    22  stm32f10x_exti.o(.text)
    EXTI_ClearFlag                           0x080064d5   Thumb Code     8  stm32f10x_exti.o(.text)
    EXTI_GetITStatus                         0x080064dd   Thumb Code    34  stm32f10x_exti.o(.text)
    EXTI_ClearITPendingBit                   0x080064ff   Thumb Code     8  stm32f10x_exti.o(.text)
    IWDG_WriteAccessCmd                      0x08006511   Thumb Code     6  stm32f10x_iwdg.o(.text)
    IWDG_SetPrescaler                        0x08006517   Thumb Code     6  stm32f10x_iwdg.o(.text)
    IWDG_SetReload                           0x0800651d   Thumb Code     6  stm32f10x_iwdg.o(.text)
    IWDG_ReloadCounter                       0x08006523   Thumb Code    10  stm32f10x_iwdg.o(.text)
    IWDG_Enable                              0x0800652d   Thumb Code    10  stm32f10x_iwdg.o(.text)
    IWDG_GetFlagStatus                       0x08006537   Thumb Code    20  stm32f10x_iwdg.o(.text)
    SPI_I2S_DeInit                           0x08006551   Thumb Code    76  stm32f10x_spi.o(.text)
    SPI_Init                                 0x0800659d   Thumb Code    60  stm32f10x_spi.o(.text)
    I2S_Init                                 0x080065d9   Thumb Code   226  stm32f10x_spi.o(.text)
    SPI_StructInit                           0x080066bb   Thumb Code    28  stm32f10x_spi.o(.text)
    I2S_StructInit                           0x080066d7   Thumb Code    20  stm32f10x_spi.o(.text)
    SPI_Cmd                                  0x080066eb   Thumb Code    24  stm32f10x_spi.o(.text)
    I2S_Cmd                                  0x08006703   Thumb Code    24  stm32f10x_spi.o(.text)
    SPI_I2S_ITConfig                         0x0800671b   Thumb Code    32  stm32f10x_spi.o(.text)
    SPI_I2S_DMACmd                           0x0800673b   Thumb Code    18  stm32f10x_spi.o(.text)
    SPI_I2S_SendData                         0x0800674d   Thumb Code     4  stm32f10x_spi.o(.text)
    SPI_I2S_ReceiveData                      0x08006751   Thumb Code     6  stm32f10x_spi.o(.text)
    SPI_NSSInternalSoftwareConfig            0x08006757   Thumb Code    30  stm32f10x_spi.o(.text)
    SPI_SSOutputCmd                          0x08006775   Thumb Code    24  stm32f10x_spi.o(.text)
    SPI_DataSizeConfig                       0x0800678d   Thumb Code    18  stm32f10x_spi.o(.text)
    SPI_TransmitCRC                          0x0800679f   Thumb Code    10  stm32f10x_spi.o(.text)
    SPI_CalculateCRC                         0x080067a9   Thumb Code    24  stm32f10x_spi.o(.text)
    SPI_GetCRC                               0x080067c1   Thumb Code    16  stm32f10x_spi.o(.text)
    SPI_GetCRCPolynomial                     0x080067d1   Thumb Code     6  stm32f10x_spi.o(.text)
    SPI_BiDirectionalLineConfig              0x080067d7   Thumb Code    28  stm32f10x_spi.o(.text)
    SPI_I2S_GetFlagStatus                    0x080067f3   Thumb Code    18  stm32f10x_spi.o(.text)
    SPI_I2S_ClearFlag                        0x08006805   Thumb Code     6  stm32f10x_spi.o(.text)
    SPI_I2S_GetITStatus                      0x0800680b   Thumb Code    52  stm32f10x_spi.o(.text)
    SPI_I2S_ClearITPendingBit                0x0800683f   Thumb Code    20  stm32f10x_spi.o(.text)
    OS_TaskStatStkChk                        0x08006861   Thumb Code    54  os_core.o(.text)
    OS_TaskStat                              0x08006897   Thumb Code   116  os_core.o(.text)
    OS_TaskIdle                              0x0800693f   Thumb Code    34  os_core.o(.text)
    OS_MemClr                                0x08006995   Thumb Code    18  os_core.o(.text)
    OSInit                                   0x08006ab3   Thumb Code    52  os_core.o(.text)
    OSIntEnter                               0x08006ae7   Thumb Code    28  os_core.o(.text)
    OSIntExit                                0x08006b1d   Thumb Code   112  os_core.o(.text)
    OSSchedLock                              0x08006b8d   Thumb Code    50  os_core.o(.text)
    OS_Sched                                 0x08006bbf   Thumb Code    88  os_core.o(.text)
    OSSchedUnlock                            0x08006c17   Thumb Code   238  os_core.o(.text)
    OSStart                                  0x08006d05   Thumb Code    48  os_core.o(.text)
    OSStatInit                               0x08006d35   Thumb Code    62  os_core.o(.text)
    OSTimeTick                               0x08006d73   Thumb Code   210  os_core.o(.text)
    OSVersion                                0x08006e45   Thumb Code     6  os_core.o(.text)
    OS_Dummy                                 0x08006e4b   Thumb Code     2  os_core.o(.text)
    OS_EventTaskRemove                       0x08006e4d   Thumb Code    42  os_core.o(.text)
    OS_EventTaskRdy                          0x08006e77   Thumb Code   114  os_core.o(.text)
    OS_EventTaskWait                         0x08006ee9   Thumb Code   112  os_core.o(.text)
    OS_EventWaitListInit                     0x08006f59   Thumb Code    28  os_core.o(.text)
    OS_MemCopy                               0x08006f75   Thumb Code    20  os_core.o(.text)
    OS_StrLen                                0x08006f89   Thumb Code    20  os_core.o(.text)
    OS_TCBInit                               0x08006f9d   Thumb Code   280  os_core.o(.text)
    OSFlagAccept                             0x080070f9   Thumb Code   252  os_flag.o(.text)
    OSFlagCreate                             0x080071f5   Thumb Code    86  os_flag.o(.text)
    OS_FlagUnlink                            0x0800724b   Thumb Code    36  os_flag.o(.text)
    OSFlagDel                                0x080072c1   Thumb Code   214  os_flag.o(.text)
    OSFlagNameGet                            0x08007397   Thumb Code    80  os_flag.o(.text)
    OSFlagNameSet                            0x080073e7   Thumb Code    66  os_flag.o(.text)
    OSFlagPend                               0x080074c1   Thumb Code   614  os_flag.o(.text)
    OSFlagPendGetFlagsRdy                    0x08007727   Thumb Code    26  os_flag.o(.text)
    OSFlagPost                               0x08007741   Thumb Code   312  os_flag.o(.text)
    OSFlagQuery                              0x08007879   Thumb Code    48  os_flag.o(.text)
    OS_FlagInit                              0x080078a9   Thumb Code    78  os_flag.o(.text)
    OSMemCreate                              0x08007905   Thumb Code   118  os_mem.o(.text)
    OSMemGet                                 0x0800797b   Thumb Code    62  os_mem.o(.text)
    OSMemNameGet                             0x080079b9   Thumb Code    60  os_mem.o(.text)
    OSMemNameSet                             0x080079f5   Thumb Code    48  os_mem.o(.text)
    OSMemPut                                 0x08007a25   Thumb Code    54  os_mem.o(.text)
    OSMemQuery                               0x08007a5b   Thumb Code    52  os_mem.o(.text)
    OS_MemInit                               0x08007a8f   Thumb Code    24  os_mem.o(.text)
    OSQAccept                                0x08007ab9   Thumb Code    88  os_q.o(.text)
    OSQCreate                                0x08007b11   Thumb Code   140  os_q.o(.text)
    OSQDel                                   0x08007b9d   Thumb Code   236  os_q.o(.text)
    OSQFlush                                 0x08007c89   Thumb Code    36  os_q.o(.text)
    OSQPend                                  0x08007cad   Thumb Code   272  os_q.o(.text)
    OSQPendAbort                             0x08007dbd   Thumb Code   128  os_q.o(.text)
    OSQPost                                  0x08007e3d   Thumb Code   114  os_q.o(.text)
    OSQPostFront                             0x08007eaf   Thumb Code   136  os_q.o(.text)
    OSQPostOpt                               0x08007f37   Thumb Code   182  os_q.o(.text)
    OSQQuery                                 0x08007fed   Thumb Code    98  os_q.o(.text)
    OS_QInit                                 0x0800804f   Thumb Code    72  os_q.o(.text)
    OSSemAccept                              0x080080a1   Thumb Code    42  os_sem.o(.text)
    OSSemCreate                              0x080080cb   Thumb Code    68  os_sem.o(.text)
    OSSemDel                                 0x0800810f   Thumb Code   200  os_sem.o(.text)
    OSSemPend                                0x080081d7   Thumb Code   222  os_sem.o(.text)
    OSSemPendAbort                           0x080082b5   Thumb Code   128  os_sem.o(.text)
    OSSemPost                                0x08008335   Thumb Code    88  os_sem.o(.text)
    OSSemQuery                               0x0800838d   Thumb Code    76  os_sem.o(.text)
    OSSemSet                                 0x080083d9   Thumb Code    66  os_sem.o(.text)
    OSTaskChangePrio                         0x0800842d   Thumb Code   308  os_task.o(.text)
    OSTaskCreate                             0x08008561   Thumb Code   148  os_task.o(.text)
    OS_TaskStkClr                            0x080085f5   Thumb Code    26  os_task.o(.text)
    OSTaskCreateExt                          0x0800860f   Thumb Code   170  os_task.o(.text)
    OSTaskDel                                0x080086b9   Thumb Code   294  os_task.o(.text)
    OSTaskDelReq                             0x080087df   Thumb Code   144  os_task.o(.text)
    OSTaskNameGet                            0x0800886f   Thumb Code   114  os_task.o(.text)
    OSTaskNameSet                            0x080088e1   Thumb Code    98  os_task.o(.text)
    OSTaskResume                             0x08008943   Thumb Code   154  os_task.o(.text)
    OSTaskStkChk                             0x080089dd   Thumb Code   132  os_task.o(.text)
    OSTaskSuspend                            0x08008a61   Thumb Code   152  os_task.o(.text)
    OSTaskQuery                              0x08008af9   Thumb Code    82  os_task.o(.text)
    OSTaskRegGet                             0x08008b4b   Thumb Code    60  os_task.o(.text)
    OSTaskRegSet                             0x08008b87   Thumb Code    62  os_task.o(.text)
    OS_TaskReturn                            0x08008bc5   Thumb Code    18  os_task.o(.text)
    OSTimeDly                                0x08008bf1   Thumb Code   100  os_time.o(.text)
    OSTimeDlyHMSM                            0x08008c55   Thumb Code    86  os_time.o(.text)
    OSTimeDlyResume                          0x08008cab   Thumb Code   168  os_time.o(.text)
    OSTimeGet                                0x08008d53   Thumb Code    24  os_time.o(.text)
    OSTimeSet                                0x08008d6b   Thumb Code    24  os_time.o(.text)
    OSTmrCreate                              0x08008dd3   Thumb Code    96  os_tmr.o(.text)
    OSTmrDel                                 0x08008eab   Thumb Code   124  os_tmr.o(.text)
    OSTmrNameGet                             0x08008f27   Thumb Code   114  os_tmr.o(.text)
    OSTmrRemainGet                           0x08008f99   Thumb Code   164  os_tmr.o(.text)
    OSTmrStateGet                            0x0800903d   Thumb Code    86  os_tmr.o(.text)
    OSTmrStart                               0x080090f7   Thumb Code   128  os_tmr.o(.text)
    OSTmrStop                                0x08009177   Thumb Code   210  os_tmr.o(.text)
    OSTmrSignal                              0x08009249   Thumb Code    16  os_tmr.o(.text)
    OSTmr_Init                               0x080092fd   Thumb Code   152  os_tmr.o(.text)
    OS_CPU_SR_Save                           0x080093d5   Thumb Code     0  os_cpu_a.o(.text)
    OS_CPU_SR_Restore                        0x080093dd   Thumb Code     0  os_cpu_a.o(.text)
    OSStartHighRdy                           0x080093e3   Thumb Code     0  os_cpu_a.o(.text)
    OSCtxSw                                  0x08009405   Thumb Code     0  os_cpu_a.o(.text)
    OSIntCtxSw                               0x08009413   Thumb Code     0  os_cpu_a.o(.text)
    PendSV_Handler                           0x08009423   Thumb Code     0  os_cpu_a.o(.text)
    OSInitHookBegin                          0x08009489   Thumb Code     8  os_cpu_c.o(.text)
    OSInitHookEnd                            0x08009491   Thumb Code     2  os_cpu_c.o(.text)
    OSTaskCreateHook                         0x08009493   Thumb Code     2  os_cpu_c.o(.text)
    OSTaskDelHook                            0x08009495   Thumb Code     2  os_cpu_c.o(.text)
    OSTaskIdleHook                           0x08009497   Thumb Code     2  os_cpu_c.o(.text)
    OSTaskStatHook                           0x08009499   Thumb Code     2  os_cpu_c.o(.text)
    OSTaskStkInit                            0x0800949b   Thumb Code   154  os_cpu_c.o(.text)
    OSTaskSwHook                             0x08009535   Thumb Code     2  os_cpu_c.o(.text)
    OSTCBInitHook                            0x08009537   Thumb Code     2  os_cpu_c.o(.text)
    OSTimeTickHook                           0x08009539   Thumb Code    30  os_cpu_c.o(.text)
    OSTaskReturnHook                         0x08009557   Thumb Code     2  os_cpu_c.o(.text)
    __use_no_semihosting                     0x0800955d   Thumb Code     2  use_no_semi_2.o(.text)
    __use_two_region_memory                  0x0800955f   Thumb Code     2  heapauxi.o(.text)
    __rt_heap_escrow$2region                 0x08009561   Thumb Code     2  heapauxi.o(.text)
    __rt_heap_expand$2region                 0x08009563   Thumb Code     2  heapauxi.o(.text)
    __I$use$semihosting                      0x08009565   Thumb Code     0  use_no_semi.o(.text)
    __use_no_semihosting_swi                 0x08009565   Thumb Code     2  use_no_semi.o(.text)
    __user_setup_stackheap                   0x08009567   Thumb Code    74  sys_stackheap_outer.o(.text)
    exit                                     0x080095b1   Thumb Code    18  exit.o(.text)
    __user_libspace                          0x080095c5   Thumb Code     8  libspace.o(.text)
    __user_perproc_libspace                  0x080095c5   Thumb Code     0  libspace.o(.text)
    __user_perthread_libspace                0x080095c5   Thumb Code     0  libspace.o(.text)
    OSUnMapTbl                               0x080095cc   Data         256  os_core.o(.constdata)
    Region$$Table$$Base                      0x080096cc   Number         0  anon$$obj.o(Region$$Table)
    Region$$Table$$Limit                     0x080096ec   Number         0  anon$$obj.o(Region$$Table)
    CC2500Count                              0x20000022   Data           2  main.o(.data)
    CurUartNo                                0x20000024   Data           1  main.o(.data)
    chark                                    0x20000025   Data           1  main.o(.data)
    FreeCount                                0x20000026   Data           2  main.o(.data)
    SendTimeOut                              0x20000028   Data           2  main.o(.data)
    AskWaitOver                              0x2000002a   Data           1  main.o(.data)
    AtSendCmd                                0x2000002b   Data           1  main.o(.data)
    Apoint                                   0x2000002c   Data           1  main.o(.data)
    Bpoint                                   0x2000002d   Data           1  main.o(.data)
    HeartEnable                              0x2000002e   Data           1  main.o(.data)
    AutoAsk                                  0x2000002f   Data           1  main.o(.data)
    Circle                                   0x20000030   Data           1  main.o(.data)
    MinSignal                                0x20000031   Data           1  main.o(.data)
    AskDelay                                 0x20000032   Data           1  main.o(.data)
    DebugMode                                0x20000033   Data           1  main.o(.data)
    AutoClear                                0x20000034   Data           1  main.o(.data)
    AskTermIndex                             0x20000035   Data           1  main.o(.data)
    AskTermCount                             0x20000036   Data           1  main.o(.data)
    AskStart                                 0x20000037   Data           1  main.o(.data)
    AskPcSign                                0x20000038   Data           1  main.o(.data)
    HeartBagCount                            0x20000039   Data           1  main.o(.data)
    RelayLen                                 0x2000003a   Data           1  main.o(.data)
    RelayCount                               0x2000003b   Data           1  main.o(.data)
    CurYear                                  0x2000003c   Data           1  main.o(.data)
    CurMonth                                 0x2000003d   Data           1  main.o(.data)
    CurDay                                   0x2000003e   Data           1  main.o(.data)
    CurWeek                                  0x2000003f   Data           1  main.o(.data)
    CurHour                                  0x20000040   Data           1  main.o(.data)
    CurMinute                                0x20000041   Data           1  main.o(.data)
    CurSecond                                0x20000042   Data           1  main.o(.data)
    BlanceSecond                             0x20000044   Data           2  main.o(.data)
    BlanceRunSec                             0x20000046   Data           2  main.o(.data)
    BlanceRunType                            0x20000048   Data           1  main.o(.data)
    NeedSendBlance                           0x20000049   Data           1  main.o(.data)
    BlancePlaceCount                         0x2000004a   Data           1  main.o(.data)
    PowerA                                   0x2000004b   Data           1  main.o(.data)
    PowerB                                   0x2000004c   Data           1  main.o(.data)
    BPointWait                               0x2000004e   Data           2  main.o(.data)
    SendOnLine                               0x20000050   Data           1  main.o(.data)
    tmr1                                     0x20000054   Data           4  main.o(.data)
    tmr2                                     0x20000058   Data           4  main.o(.data)
    RF1_user                                 0x2000005c   Data           4  main.o(.data)
    RF2_user                                 0x20000060   Data           4  main.o(.data)
    SystemCoreClock                          0x20000064   Data           4  system_stm32f10x.o(.data)
    AHBPrescTable                            0x20000068   Data          16  system_stm32f10x.o(.data)
    SYS_time                                 0x20000078   Data           7  pcf8563.o(.data)
    RFTimeOut                                0x200000a2   Data           1  cc2500.o(.data)
    SerOK                                    0x200000a3   Data           2  cc2500.o(.data)
    SerLen                                   0x200000a5   Data           2  cc2500.o(.data)
    Lqi                                      0x200000a7   Data           2  cc2500.o(.data)
    bCrcOk                                   0x200000a9   Data           2  cc2500.o(.data)
    Rssi                                     0x200000ab   Data           2  cc2500.o(.data)
    RfChkT                                   0x200000ad   Data           1  cc2500.o(.data)
    bRfChk                                   0x200000ae   Data           1  cc2500.o(.data)
    RfRunNo                                  0x200000af   Data           1  cc2500.o(.data)
    bRcvOk                                   0x200000b0   Data           2  cc2500.o(.data)
    bSendOk                                  0x200000b2   Data           2  cc2500.o(.data)
    IconRX                                   0x200000b4   Data           1  cc2500.o(.data)
    IconTX                                   0x200000b5   Data           1  cc2500.o(.data)
    Sync0                                    0x200000b8   Data           4  cc2500.o(.data)
    Sync1                                    0x200000bc   Data           4  cc2500.o(.data)
    PAMAX                                    0x200000c0   Data           1  cc2500.o(.data)
    PeopleIdent                              0x200000c1   Data           1  cc2500.o(.data)
    RfidType                                 0x200000c2   Data           1  cc2500.o(.data)
    CC2500Mode                               0x200000c3   Data           1  cc2500.o(.data)
    __stdout                                 0x200000c8   Data           4  usart.o(.data)
    USART1_CRC                               0x200000cc   Data           1  usart.o(.data)
    USART2_CRC                               0x200000cd   Data           1  usart.o(.data)
    USART_Fpt                                0x200000ce   Data           1  usart.o(.data)
    USART1_RX_STA                            0x200000d0   Data           2  usart.o(.data)
    USART2_RX_STA                            0x200000d2   Data           2  usart.o(.data)
    USART3_RX_STA                            0x200000d4   Data           2  usart.o(.data)
    OSCtxSwCtr                               0x200000ec   Data           4  os_core.o(.data)
    OSEventFreeList                          0x200000f0   Data           4  os_core.o(.data)
    OSFlagFreeList                           0x200000f4   Data           4  os_core.o(.data)
    OSCPUUsage                               0x200000f8   Data           1  os_core.o(.data)
    OSIdleCtrMax                             0x200000fc   Data           4  os_core.o(.data)
    OSIdleCtrRun                             0x20000100   Data           4  os_core.o(.data)
    OSStatRdy                                0x20000104   Data           1  os_core.o(.data)
    OSIntNesting                             0x20000105   Data           1  os_core.o(.data)
    OSLockNesting                            0x20000106   Data           1  os_core.o(.data)
    OSPrioCur                                0x20000107   Data           1  os_core.o(.data)
    OSPrioHighRdy                            0x20000108   Data           1  os_core.o(.data)
    OSRdyGrp                                 0x20000109   Data           1  os_core.o(.data)
    OSRdyTbl                                 0x2000010a   Data           8  os_core.o(.data)
    OSRunning                                0x20000112   Data           1  os_core.o(.data)
    OSTaskCtr                                0x20000113   Data           1  os_core.o(.data)
    OSIdleCtr                                0x20000114   Data           4  os_core.o(.data)
    OSTCBCur                                 0x20000118   Data           4  os_core.o(.data)
    OSTCBFreeList                            0x2000011c   Data           4  os_core.o(.data)
    OSTCBHighRdy                             0x20000120   Data           4  os_core.o(.data)
    OSTCBList                                0x20000124   Data           4  os_core.o(.data)
    OSTickStepState                          0x20000128   Data           1  os_core.o(.data)
    OSMemFreeList                            0x2000012c   Data           4  os_core.o(.data)
    OSQFreeList                              0x20000130   Data           4  os_core.o(.data)
    OSTime                                   0x20000134   Data           4  os_core.o(.data)
    OSTmrFree                                0x20000138   Data           2  os_core.o(.data)
    OSTmrUsed                                0x2000013a   Data           2  os_core.o(.data)
    OSTmrTime                                0x2000013c   Data           4  os_core.o(.data)
    OSTmrSem                                 0x20000140   Data           4  os_core.o(.data)
    OSTmrSemSignal                           0x20000144   Data           4  os_core.o(.data)
    OSTmrFreeList                            0x20000148   Data           4  os_core.o(.data)
    OSInterrputSum                           0x2000014c   Data           4  os_cpu_c.o(.data)
    START_TASK_STK                           0x20000154   Data         256  main.o(.bss)
    MAIN_TASK_STK                            0x20000254   Data        4096  main.o(.bss)
    FREE_TASK_STK                            0x20001254   Data         256  main.o(.bss)
    CC2500Data                               0x20001354   Data         122  main.o(.bss)
    AskTermList                              0x200013ce   Data         256  main.o(.bss)
    AskTermErrCount                          0x200014ce   Data         256  main.o(.bss)
    AskTermCmd                               0x200015ce   Data        7808  main.o(.bss)
    AskTermCmdLen                            0x2000344e   Data         128  main.o(.bss)
    AskTermStatus                            0x200034ce   Data         512  main.o(.bss)
    RelayData                                0x200036ce   Data          61  main.o(.bss)
    SerData                                  0x2000370b   Data         122  cc2500.o(.bss)
    Lqi16                                    0x20003785   Data          60  cc2500.o(.bss)
    Bpoint_Value                             0x200037c1   Data          60  cc2500.o(.bss)
    g_stm32_uniqueId                         0x200037fd   Data          12  sys.o(.bss)
    USART1_RX_BUF                            0x20003809   Data         128  usart.o(.bss)
    USART2_RX_BUF                            0x20003889   Data         128  usart.o(.bss)
    USART3_RX_BUF                            0x20003909   Data         128  usart.o(.bss)
    OSEventTbl                               0x2000398c   Data         200  os_core.o(.bss)
    OSFlagTbl                                0x20003a54   Data          80  os_core.o(.bss)
    OSTaskStatStk                            0x20003aa4   Data         512  os_core.o(.bss)
    OSTaskIdleStk                            0x20003ca4   Data         512  os_core.o(.bss)
    OSTCBPrioTbl                             0x20003ea4   Data         256  os_core.o(.bss)
    OSTCBTbl                                 0x20003fa4   Data        1008  os_core.o(.bss)
    OSMemTbl                                 0x20004394   Data          24  os_core.o(.bss)
    OSQTbl                                   0x200043ac   Data         120  os_core.o(.bss)
    OSTmrTbl                                 0x20004424   Data         640  os_core.o(.bss)
    OSTmrTaskStk                             0x200046a4   Data         512  os_core.o(.bss)
    OSTmrWheelTbl                            0x200048a4   Data          64  os_core.o(.bss)
    __libspace_start                         0x200048e4   Data          96  libspace.o(.bss)
    __temporary_stack_top$libspace           0x20004944   Data           0  libspace.o(.bss)



==============================================================================

Memory Map of the image

  Image Entry point : 0x080000ed

  Load Region LR_IROM1 (Base: 0x08000000, Size: 0x00009840, Max: 0x00010000, ABSOLUTE, COMPRESSED[0x00009744])

    Execution Region ER_IROM1 (Base: 0x08000000, Size: 0x000096ec, Max: 0x00010000, ABSOLUTE)

    Base Addr    Size         Type   Attr      Idx    E Section Name        Object

    0x08000000   0x000000ec   Data   RO          338    RESET               startup_stm32f10x_md.o
    0x080000ec   0x00000008   Code   RO          621  * !!!main             c_w.l(__main.o)
    0x080000f4   0x00000034   Code   RO          778    !!!scatter          c_w.l(__scatter.o)
    0x08000128   0x0000005a   Code   RO          776    !!dczerorl2         c_w.l(__dczerorl2.o)
    0x08000182   0x00000002   PAD
    0x08000184   0x0000001c   Code   RO          780    !!handler_zi        c_w.l(__scatter_zi.o)
    0x080001a0   0x00000002   Code   RO          650    .ARM.Collect$$libinit$$00000000  c_w.l(libinit.o)
    0x080001a2   0x00000000   Code   RO          657    .ARM.Collect$$libinit$$00000002  c_w.l(libinit2.o)
    0x080001a2   0x00000000   Code   RO          659    .ARM.Collect$$libinit$$00000004  c_w.l(libinit2.o)
    0x080001a2   0x00000000   Code   RO          662    .ARM.Collect$$libinit$$0000000A  c_w.l(libinit2.o)
    0x080001a2   0x00000000   Code   RO          664    .ARM.Collect$$libinit$$0000000C  c_w.l(libinit2.o)
    0x080001a2   0x00000000   Code   RO          666    .ARM.Collect$$libinit$$0000000E  c_w.l(libinit2.o)
    0x080001a2   0x00000000   Code   RO          669    .ARM.Collect$$libinit$$00000011  c_w.l(libinit2.o)
    0x080001a2   0x00000000   Code   RO          671    .ARM.Collect$$libinit$$00000013  c_w.l(libinit2.o)
    0x080001a2   0x00000000   Code   RO          673    .ARM.Collect$$libinit$$00000015  c_w.l(libinit2.o)
    0x080001a2   0x00000000   Code   RO          675    .ARM.Collect$$libinit$$00000017  c_w.l(libinit2.o)
    0x080001a2   0x00000000   Code   RO          677    .ARM.Collect$$libinit$$00000019  c_w.l(libinit2.o)
    0x080001a2   0x00000000   Code   RO          679    .ARM.Collect$$libinit$$0000001B  c_w.l(libinit2.o)
    0x080001a2   0x00000000   Code   RO          681    .ARM.Collect$$libinit$$0000001D  c_w.l(libinit2.o)
    0x080001a2   0x00000000   Code   RO          683    .ARM.Collect$$libinit$$0000001F  c_w.l(libinit2.o)
    0x080001a2   0x00000000   Code   RO          685    .ARM.Collect$$libinit$$00000021  c_w.l(libinit2.o)
    0x080001a2   0x00000000   Code   RO          687    .ARM.Collect$$libinit$$00000023  c_w.l(libinit2.o)
    0x080001a2   0x00000000   Code   RO          689    .ARM.Collect$$libinit$$00000025  c_w.l(libinit2.o)
    0x080001a2   0x00000000   Code   RO          693    .ARM.Collect$$libinit$$0000002C  c_w.l(libinit2.o)
    0x080001a2   0x00000000   Code   RO          695    .ARM.Collect$$libinit$$0000002E  c_w.l(libinit2.o)
    0x080001a2   0x00000000   Code   RO          697    .ARM.Collect$$libinit$$00000030  c_w.l(libinit2.o)
    0x080001a2   0x00000000   Code   RO          699    .ARM.Collect$$libinit$$00000032  c_w.l(libinit2.o)
    0x080001a2   0x00000002   Code   RO          700    .ARM.Collect$$libinit$$00000033  c_w.l(libinit2.o)
    0x080001a4   0x00000002   Code   RO          718    .ARM.Collect$$libshutdown$$00000000  c_w.l(libshutdown.o)
    0x080001a6   0x00000000   Code   RO          728    .ARM.Collect$$libshutdown$$00000002  c_w.l(libshutdown2.o)
    0x080001a6   0x00000000   Code   RO          730    .ARM.Collect$$libshutdown$$00000004  c_w.l(libshutdown2.o)
    0x080001a6   0x00000000   Code   RO          733    .ARM.Collect$$libshutdown$$00000007  c_w.l(libshutdown2.o)
    0x080001a6   0x00000000   Code   RO          736    .ARM.Collect$$libshutdown$$0000000A  c_w.l(libshutdown2.o)
    0x080001a6   0x00000000   Code   RO          738    .ARM.Collect$$libshutdown$$0000000C  c_w.l(libshutdown2.o)
    0x080001a6   0x00000000   Code   RO          741    .ARM.Collect$$libshutdown$$0000000F  c_w.l(libshutdown2.o)
    0x080001a6   0x00000002   Code   RO          742    .ARM.Collect$$libshutdown$$00000010  c_w.l(libshutdown2.o)
    0x080001a8   0x00000000   Code   RO          625    .ARM.Collect$$rtentry$$00000000  c_w.l(__rtentry.o)
    0x080001a8   0x00000000   Code   RO          627    .ARM.Collect$$rtentry$$00000002  c_w.l(__rtentry2.o)
    0x080001a8   0x00000006   Code   RO          639    .ARM.Collect$$rtentry$$00000004  c_w.l(__rtentry4.o)
    0x080001ae   0x00000000   Code   RO          629    .ARM.Collect$$rtentry$$00000009  c_w.l(__rtentry2.o)
    0x080001ae   0x00000004   Code   RO          630    .ARM.Collect$$rtentry$$0000000A  c_w.l(__rtentry2.o)
    0x080001b2   0x00000000   Code   RO          632    .ARM.Collect$$rtentry$$0000000C  c_w.l(__rtentry2.o)
    0x080001b2   0x00000008   Code   RO          633    .ARM.Collect$$rtentry$$0000000D  c_w.l(__rtentry2.o)
    0x080001ba   0x00000002   Code   RO          654    .ARM.Collect$$rtexit$$00000000  c_w.l(rtexit.o)
    0x080001bc   0x00000000   Code   RO          702    .ARM.Collect$$rtexit$$00000002  c_w.l(rtexit2.o)
    0x080001bc   0x00000004   Code   RO          703    .ARM.Collect$$rtexit$$00000003  c_w.l(rtexit2.o)
    0x080001c0   0x00000006   Code   RO          704    .ARM.Collect$$rtexit$$00000004  c_w.l(rtexit2.o)
    0x080001c6   0x00000002   PAD
    0x080001c8   0x00002940   Code   RO            1    .text               main.o
    0x08002b08   0x00000016   Code   RO          125    .text               stm32f10x_it.o
    0x08002b1e   0x00000002   PAD
    0x08002b20   0x000001e0   Code   RO          160    .text               system_stm32f10x.o
    0x08002d00   0x000000ac   Code   RO          178    .text               led.o
    0x08002dac   0x00000284   Code   RO          194    .text               myiic.o
    0x08003030   0x00000172   Code   RO          206    .text               24cxx.o
    0x080031a2   0x00000002   PAD
    0x080031a4   0x0000017c   Code   RO          221    .text               timer.o
    0x08003320   0x00000264   Code   RO          233    .text               pcf8563.o
    0x08003584   0x00000af8   Code   RO          251    .text               cc2500.o
    0x0800407c   0x000000f4   Code   RO          270    .text               delay.o
    0x08004170   0x0000002c   Code   RO          284    .text               sys.o
    0x0800419c   0x000005c4   Code   RO          302    .text               usart.o
    0x08004760   0x00000040   Code   RO          339    .text               startup_stm32f10x_md.o
    0x080047a0   0x000000dc   Code   RO          343    .text               misc.o
    0x0800487c   0x0000035c   Code   RO          355    .text               stm32f10x_gpio.o
    0x08004bd8   0x000003a4   Code   RO          367    .text               stm32f10x_rcc.o
    0x08004f7c   0x00000e1a   Code   RO          381    .text               stm32f10x_tim.o
    0x08005d96   0x00000002   PAD
    0x08005d98   0x00000408   Code   RO          393    .text               stm32f10x_usart.o
    0x080061a0   0x00000254   Code   RO          405    .text               stm32f10x_dma.o
    0x080063f4   0x0000011c   Code   RO          417    .text               stm32f10x_exti.o
    0x08006510   0x00000040   Code   RO          429    .text               stm32f10x_iwdg.o
    0x08006550   0x00000310   Code   RO          441    .text               stm32f10x_spi.o
    0x08006860   0x00000898   Code   RO          453    .text               os_core.o
    0x080070f8   0x0000080c   Code   RO          473    .text               os_flag.o
    0x08007904   0x000001b4   Code   RO          497    .text               os_mem.o
    0x08007ab8   0x000005e8   Code   RO          521    .text               os_q.o
    0x080080a0   0x0000038c   Code   RO          533    .text               os_sem.o
    0x0800842c   0x000007c4   Code   RO          545    .text               os_task.o
    0x08008bf0   0x000001b0   Code   RO          557    .text               os_time.o
    0x08008da0   0x00000634   Code   RO          569    .text               os_tmr.o
    0x080093d4   0x000000b4   Code   RO          581    .text               os_cpu_a.o
    0x08009488   0x000000d4   Code   RO          584    .text               os_cpu_c.o
    0x0800955c   0x00000002   Code   RO          617    .text               c_w.l(use_no_semi_2.o)
    0x0800955e   0x00000006   Code   RO          619    .text               c_w.l(heapauxi.o)
    0x08009564   0x00000002   Code   RO          623    .text               c_w.l(use_no_semi.o)
    0x08009566   0x0000004a   Code   RO          641    .text               c_w.l(sys_stackheap_outer.o)
    0x080095b0   0x00000012   Code   RO          643    .text               c_w.l(exit.o)
    0x080095c2   0x00000002   PAD
    0x080095c4   0x00000008   Code   RO          651    .text               c_w.l(libspace.o)
    0x080095cc   0x00000100   Data   RO          455    .constdata          os_core.o
    0x080096cc   0x00000020   Data   RO          774    Region$$Table       anon$$obj.o


    Execution Region RW_IRAM1 (Base: 0x20000000, Size: 0x00004f48, Max: 0x00005000, ABSOLUTE, COMPRESSED[0x00000058])

    Base Addr    Size         Type   Attr      Idx    E Section Name        Object

    0x20000000   0x00000064   Data   RW            3    .data               main.o
    0x20000064   0x00000014   Data   RW          161    .data               system_stm32f10x.o
    0x20000078   0x00000007   Data   RW          234    .data               pcf8563.o
    0x2000007f   0x00000001   PAD
    0x20000080   0x00000044   Data   RW          253    .data               cc2500.o
    0x200000c4   0x00000004   Data   RW          271    .data               delay.o
    0x200000c8   0x0000000e   Data   RW          304    .data               usart.o
    0x200000d6   0x00000014   Data   RW          368    .data               stm32f10x_rcc.o
    0x200000ea   0x00000002   PAD
    0x200000ec   0x00000060   Data   RW          456    .data               os_core.o
    0x2000014c   0x00000006   Data   RW          585    .data               os_cpu_c.o
    0x20000152   0x00000002   PAD
    0x20000154   0x000035b7   Zero   RW            2    .bss                main.o
    0x2000370b   0x000000f2   Zero   RW          252    .bss                cc2500.o
    0x200037fd   0x0000000c   Zero   RW          285    .bss                sys.o
    0x20003809   0x00000180   Zero   RW          303    .bss                usart.o
    0x20003989   0x00000003   PAD
    0x2000398c   0x00000f58   Zero   RW          454    .bss                os_core.o
    0x200048e4   0x00000060   Zero   RW          652    .bss                c_w.l(libspace.o)
    0x20004944   0x00000004   PAD
    0x20004948   0x00000200   Zero   RW          337    HEAP                startup_stm32f10x_md.o
    0x20004b48   0x00000400   Zero   RW          336    STACK               startup_stm32f10x_md.o


==============================================================================

Image component sizes


      Code (inc. data)   RO Data    RW Data    ZI Data      Debug   Object Name

       370          0          0          0          0       2721   24cxx.o
      2808         94          0         68        242      13882   cc2500.o
         0          0          0          0          0         32   core_cm3.o
       244         20          0          4          0       1323   delay.o
       172         16          0          0          0        734   led.o
     10560        992          0        100      13751     316956   main.o
       220         22          0          0          0       1801   misc.o
       644         14          0          0          0       2090   myiic.o
      2200        218        256         96       3928      16118   os_core.o
       180         36          0          0          0        336   os_cpu_a.o
       212          4          0          6          0      11834   os_cpu_c.o
      2060         42          0          0          0       7108   os_flag.o
       436         18          0          0          0       3216   os_mem.o
      1512         30          0          0          0       5773   os_q.o
       908         18          0          0          0       4046   os_sem.o
      1988         70          0          0          0       7785   os_task.o
       432         30          0          0          0       1850   os_time.o
      1588         94          0          0          0       5737   os_tmr.o
       612          6          0          7          0       3189   pcf8563.o
        64         26        236          0       1536        804   startup_stm32f10x_md.o
       596          8          0          0          0       4366   stm32f10x_dma.o
       284         10          0          0          0       2259   stm32f10x_exti.o
       860         38          0          0          0       5737   stm32f10x_gpio.o
        22          0          0          0          0        999   stm32f10x_it.o
        64          6          0          0          0       1281   stm32f10x_iwdg.o
       932         36          0         20          0       8920   stm32f10x_rcc.o
       784         14          0          0          0       6622   stm32f10x_spi.o
      3610         88          0          0          0      22844   stm32f10x_tim.o
      1032         22          0          0          0       8460   stm32f10x_usart.o
        44          8          0          0         12       1197   sys.o
       480         38          0         20          0       1743   system_stm32f10x.o
       380          8          0          0          0       1992   timer.o
      1476         70          0         14        384       6163   usart.o

    ----------------------------------------------------------------------
     37780       2096        524        340      19856     479918   Object Totals
         0          0         32          0          0          0   (incl. Generated)
         6          0          0          5          3          0   (incl. Padding)

    ----------------------------------------------------------------------

      Code (inc. data)   RO Data    RW Data    ZI Data      Debug   Library Member Name

        90          0          0          0          0          0   __dczerorl2.o
         8          0          0          0          0         68   __main.o
         0          0          0          0          0          0   __rtentry.o
        12          0          0          0          0          0   __rtentry2.o
         6          0          0          0          0          0   __rtentry4.o
        52          8          0          0          0          0   __scatter.o
        28          0          0          0          0          0   __scatter_zi.o
        18          0          0          0          0         80   exit.o
         6          0          0          0          0        152   heapauxi.o
         2          0          0          0          0          0   libinit.o
         2          0          0          0          0          0   libinit2.o
         2          0          0          0          0          0   libshutdown.o
         2          0          0          0          0          0   libshutdown2.o
         8          4          0          0         96         68   libspace.o
         2          0          0          0          0          0   rtexit.o
        10          0          0          0          0          0   rtexit2.o
        74          0          0          0          0         80   sys_stackheap_outer.o
         2          0          0          0          0         68   use_no_semi.o
         2          0          0          0          0         68   use_no_semi_2.o

    ----------------------------------------------------------------------
       332         12          0          0        100        584   Library Totals
         6          0          0          0          4          0   (incl. Padding)

    ----------------------------------------------------------------------

      Code (inc. data)   RO Data    RW Data    ZI Data      Debug   Library Name

       326         12          0          0         96        584   c_w.l

    ----------------------------------------------------------------------
       332         12          0          0        100        584   Library Totals

    ----------------------------------------------------------------------

==============================================================================


      Code (inc. data)   RO Data    RW Data    ZI Data      Debug   

     38112       2108        524        340      19956     477534   Grand Totals
     38112       2108        524         88      19956     477534   ELF Image Totals (compressed)
     38112       2108        524         88          0          0   ROM Totals

==============================================================================

    Total RO  Size (Code + RO Data)                38636 (  37.73kB)
    Total RW  Size (RW Data + ZI Data)             20296 (  19.82kB)
    Total ROM Size (Code + RO Data + RW Data)      38724 (  37.82kB)

==============================================================================

